[coderthemes.com/uplon/horizontal/index.html]
[backblue.gif]
[fade.gif]
[index.html]
[coderthemes.com/uplon/horizontal/assets/images/favicon.ico]
[coderthemes.com/uplon/horizontal/assets/plugins/morris/morris.css]
[coderthemes.com/uplon/horizontal/assets/plugins/switchery/switchery.min.css]
[coderthemes.com/uplon/horizontal/assets/css/bootstrap.min.css]
[coderthemes.com/uplon/horizontal/assets/css/style.css]
[coderthemes.com/uplon/horizontal/assets/js/modernizr.min.js]
[coderthemes.com/uplon/horizontal/assets/images/users/avatar-2.jpg]
[coderthemes.com/uplon/horizontal/assets/images/users/avatar-3.jpg]
[coderthemes.com/uplon/horizontal/assets/images/users/avatar-4.jpg]
[coderthemes.com/uplon/horizontal/assets/images/users/avatar-1.jpg]
[coderthemes.com/uplon/horizontal/ui-buttons.html]
[coderthemes.com/uplon/horizontal/ui-cards.html]
[coderthemes.com/uplon/horizontal/ui-dropdowns.html]
[coderthemes.com/uplon/horizontal/ui-checkbox-radio.html]
[coderthemes.com/uplon/horizontal/ui-navs.html]
[coderthemes.com/uplon/horizontal/ui-progress.html]
[coderthemes.com/uplon/horizontal/ui-modals.html]
[coderthemes.com/uplon/horizontal/ui-alerts.html]
[coderthemes.com/uplon/horizontal/ui-bootstrap.html]
[coderthemes.com/uplon/horizontal/ui-typography.html]
[coderthemes.com/uplon/horizontal/ui-notification.html]
[coderthemes.com/uplon/horizontal/ui-carousel.html]
[coderthemes.com/uplon/horizontal/components-grid.html]
[coderthemes.com/uplon/horizontal/components-range-sliders.html]
[coderthemes.com/uplon/horizontal/components-sweet-alert.html]
[coderthemes.com/uplon/horizontal/components-ratings.html]
[coderthemes.com/uplon/horizontal/components-treeview.html]
[coderthemes.com/uplon/horizontal/components-tour.html]
[coderthemes.com/uplon/horizontal/widgets-tiles.html]
[coderthemes.com/uplon/horizontal/widgets-charts.html]
[coderthemes.com/uplon/horizontal/icons-materialdesign.html]
[coderthemes.com/uplon/horizontal/icons-ionicons.html]
[coderthemes.com/uplon/horizontal/icons-fontawesome.html]
[coderthemes.com/uplon/horizontal/icons-themify.html]
[coderthemes.com/uplon/horizontal/icons-simple-line.html]
[coderthemes.com/uplon/horizontal/icons-weather.html]
[coderthemes.com/uplon/horizontal/icons-pe7.html]
[coderthemes.com/uplon/horizontal/icons-typicons.html]
[coderthemes.com/uplon/horizontal/form-elements.html]
[coderthemes.com/uplon/horizontal/form-advanced.html]
[coderthemes.com/uplon/horizontal/form-validation.html]
[coderthemes.com/uplon/horizontal/form-pickers.html]
[coderthemes.com/uplon/horizontal/form-wizard.html]
[coderthemes.com/uplon/horizontal/form-mask.html]
[coderthemes.com/uplon/horizontal/form-uploads.html]
[coderthemes.com/uplon/horizontal/form-xeditable.html]
[coderthemes.com/uplon/horizontal/tables-basic.html]
[coderthemes.com/uplon/horizontal/tables-datatable.html]
[coderthemes.com/uplon/horizontal/tables-responsive.html]
[coderthemes.com/uplon/horizontal/tables-tablesaw.html]
[coderthemes.com/uplon/horizontal/chart-flot.html]
[coderthemes.com/uplon/horizontal/chart-morris.html]
[coderthemes.com/uplon/horizontal/chart-chartjs.html]
[coderthemes.com/uplon/horizontal/chart-peity.html]
[coderthemes.com/uplon/horizontal/chart-chartist.html]
[coderthemes.com/uplon/horizontal/chart-c3.html]
[coderthemes.com/uplon/horizontal/chart-sparkline.html]
[coderthemes.com/uplon/horizontal/chart-knob.html]
[coderthemes.com/uplon/horizontal/calendar.html]
[coderthemes.com/uplon/horizontal/pages-starter.html]
[coderthemes.com/uplon/horizontal/pages-login.html]
[coderthemes.com/uplon/horizontal/pages-register.html]
[coderthemes.com/uplon/horizontal/pages-recoverpw.html]
[coderthemes.com/uplon/horizontal/pages-lock-screen.html]
[coderthemes.com/uplon/horizontal/pages-404.html]
[coderthemes.com/uplon/horizontal/pages-500.html]
[coderthemes.com/uplon/horizontal/pages-timeline.html]
[coderthemes.com/uplon/horizontal/pages-invoice.html]
[coderthemes.com/uplon/horizontal/pages-pricing.html]
[coderthemes.com/uplon/horizontal/pages-gallery.html]
[coderthemes.com/uplon/horizontal/pages-maintenance.html]
[coderthemes.com/uplon/horizontal/pages-comingsoon.html]
[coderthemes.com/uplon/horizontal/assets/images/users/avatar-5.jpg]
[coderthemes.com/uplon/horizontal/assets/images/users/avatar-6.jpg]
[coderthemes.com/uplon/horizontal/assets/images/users/avatar-8.jpg]
[coderthemes.com/uplon/horizontal/assets/images/users/avatar-9.jpg]
[coderthemes.com/uplon/horizontal/assets/js/jquery.min.js]
[coderthemes.com/uplon/horizontal/assets/js/bootstrap.bundle.min.js]
[coderthemes.com/uplon/horizontal/assets/js/waves.js]
[coderthemes.com/uplon/horizontal/assets/js/jquery.nicescroll.js]
[coderthemes.com/uplon/horizontal/assets/plugins/switchery/switchery.min.js]
[coderthemes.com/uplon/horizontal/assets/plugins/morris/morris.min.js]
[coderthemes.com/uplon/horizontal/assets/plugins/raphael/raphael-min.js]
[coderthemes.com/uplon/horizontal/assets/plugins/waypoints/lib/jquery.waypoints.min.js]
[coderthemes.com/uplon/horizontal/assets/plugins/counterup/jquery.counterup.min.js]
[coderthemes.com/uplon/horizontal/assets/js/jquery.core.js]
[coderthemes.com/uplon/horizontal/assets/js/jquery.app.js]
[coderthemes.com/uplon/horizontal/index.html]
[coderthemes.com/uplon/horizontal/assets/plugins/morris/morris.css]
[coderthemes.com/uplon/horizontal/assets/plugins/switchery/switchery.min.css]
[coderthemes.com/uplon/horizontal/assets/css/bootstrap.min.css]
[coderthemes.com/uplon/horizontal/assets/pages/jquery.dashboard.js]
[coderthemes.com/uplon/horizontal/assets/plugins/multiselect/img/multiple-arrow.png]
[coderthemes.com/uplon/horizontal/assets/fonts/fontawesome-webfont3e6e.eot]
[coderthemes.com/uplon/horizontal/assets/fonts/fontawesome-webfontd41d.eot]
[coderthemes.com/uplon/horizontal/assets/fonts/fontawesome-webfont3e6e.woff2]
[coderthemes.com/uplon/horizontal/assets/fonts/fontawesome-webfont3e6e.woff]
[coderthemes.com/uplon/horizontal/assets/fonts/fontawesome-webfont3e6e.ttf]
[coderthemes.com/uplon/horizontal/assets/fonts/Material-Design-Iconic-Fontd1f1.woff2]
[coderthemes.com/uplon/horizontal/assets/fonts/Material-Design-Iconic-Fontd1f1.woff]
[coderthemes.com/uplon/horizontal/assets/fonts/Material-Design-Iconic-Fontd1f1.ttf]
[coderthemes.com/uplon/horizontal/assets/fonts/themify9f24.eot]
[coderthemes.com/uplon/horizontal/assets/fonts/themifyd41d.eot]
[coderthemes.com/uplon/horizontal/assets/fonts/fontawesome-webfont3e6e.svg]
[coderthemes.com/uplon/horizontal/assets/fonts/themify9f24.woff]
[coderthemes.com/uplon/horizontal/assets/fonts/themify9f24.ttf]
[coderthemes.com/uplon/horizontal/assets/fonts/themify9f24.svg]
[coderthemes.com/uplon/horizontal/assets/fonts/Simple-Line-Icons4c82.eot]
[coderthemes.com/uplon/horizontal/assets/fonts/Simple-Line-Iconsd41d.eot]
[coderthemes.com/uplon/horizontal/assets/fonts/Simple-Line-Icons4c82.ttf]
[coderthemes.com/uplon/horizontal/assets/fonts/Simple-Line-Icons4c82.woff2]
[coderthemes.com/uplon/horizontal/assets/fonts/Simple-Line-Icons4c82.woff]
[coderthemes.com/uplon/horizontal/assets/fonts/ioniconsaa26.eot]
[coderthemes.com/uplon/horizontal/assets/fonts/Simple-Line-Icons4c82.svg]
[coderthemes.com/uplon/horizontal/assets/fonts/ioniconsaa26.ttf]
[coderthemes.com/uplon/horizontal/assets/fonts/ioniconsaa26.woff]
[coderthemes.com/uplon/horizontal/assets/fonts/weathericons-regular-webfont.eot]
[coderthemes.com/uplon/horizontal/assets/fonts/ioniconsaa26.svg]
[coderthemes.com/uplon/horizontal/assets/fonts/weathericons-regular-webfontd41d.eot]
[coderthemes.com/uplon/horizontal/assets/fonts/weathericons-regular-webfont.woff2]
[coderthemes.com/uplon/horizontal/assets/fonts/weathericons-regular-webfont.woff]
[coderthemes.com/uplon/horizontal/assets/fonts/weathericons-regular-webfont.ttf]
[coderthemes.com/uplon/horizontal/assets/fonts/weathericons-regular-webfont.svg]
[coderthemes.com/uplon/horizontal/assets/fonts/typicons.eot]
[coderthemes.com/uplon/horizontal/assets/fonts/typiconsd41d.eot]
[coderthemes.com/uplon/horizontal/assets/fonts/typicons.woff]
[coderthemes.com/uplon/horizontal/assets/fonts/typicons.ttf]
[coderthemes.com/uplon/horizontal/assets/fonts/Pe-icon-7-strokebb1d.eot]
[coderthemes.com/uplon/horizontal/assets/fonts/typicons.svg]
[coderthemes.com/uplon/horizontal/assets/fonts/Pe-icon-7-stroked41d.eot]
[coderthemes.com/uplon/horizontal/assets/fonts/Pe-icon-7-strokebb1d.woff]
[coderthemes.com/uplon/horizontal/assets/fonts/Pe-icon-7-strokebb1d.ttf]
[coderthemes.com/uplon/horizontal/assets/css/style.css]
[coderthemes.com/uplon/horizontal/assets/js/modernizr.min.js]
[coderthemes.com/uplon/horizontal/ui-buttons.html]
[coderthemes.com/uplon/horizontal/assets/images/gallery/9.jpg]
[coderthemes.com/uplon/horizontal/assets/fonts/Pe-icon-7-strokebb1d.svg]
[coderthemes.com/uplon/horizontal/assets/images/gallery/2.jpg]
[coderthemes.com/uplon/horizontal/assets/images/gallery/3.jpg]
[coderthemes.com/uplon/horizontal/assets/images/gallery/12.jpg]
[coderthemes.com/uplon/horizontal/assets/images/gallery/11.jpg]
[coderthemes.com/uplon/horizontal/assets/images/gallery/4.jpg]
[coderthemes.com/uplon/horizontal/ui-cards.html]
[coderthemes.com/uplon/horizontal/ui-dropdowns.html]
[coderthemes.com/uplon/horizontal/ui-checkbox-radio.html]
[coderthemes.com/uplon/horizontal/ui-navs.html]
[coderthemes.com/uplon/horizontal/ui-progress.html]
[coderthemes.com/uplon/horizontal/assets/plugins/custombox/css/custombox.min.css]
[coderthemes.com/uplon/horizontal/assets/plugins/custombox/js/custombox.min.js]
[coderthemes.com/uplon/horizontal/ui-modals.html]
[coderthemes.com/uplon/horizontal/ui-alerts.html]
[coderthemes.com/uplon/horizontal/ui-bootstrap.html]
[coderthemes.com/uplon/horizontal/ui-typography.html]
[coderthemes.com/uplon/horizontal/assets/plugins/custombox/js/legacy.min.js]
[coderthemes.com/uplon/horizontal/assets/plugins/toastr/toastr.min.css]
[coderthemes.com/uplon/horizontal/ui-notification.html]
[coderthemes.com/uplon/horizontal/assets/plugins/toastr/toastr.min.js]
[coderthemes.com/uplon/horizontal/assets/images/big/1.jpg]
[coderthemes.com/uplon/horizontal/assets/images/big/2.jpg]
[coderthemes.com/uplon/horizontal/assets/images/big/3.jpg]
[coderthemes.com/uplon/horizontal/ui-carousel.html]
[coderthemes.com/uplon/horizontal/components-grid.html]
[coderthemes.com/uplon/horizontal/assets/plugins/ion-rangeslider/ion.rangeSlider.css]
[coderthemes.com/uplon/horizontal/assets/plugins/ion-rangeslider/ion.rangeSlider.skinModern.css]
[coderthemes.com/uplon/horizontal/assets/plugins/ion-rangeslider/ion.rangeSlider.min.js]
[coderthemes.com/uplon/horizontal/components-range-sliders.html]
[coderthemes.com/uplon/horizontal/assets/pages/jquery.ui-sliders.js]
[coderthemes.com/uplon/horizontal/assets/plugins/bootstrap-sweetalert/sweet-alert.css]
[coderthemes.com/uplon/horizontal/assets/plugins/bootstrap-sweetalert/sweet-alert.min.js]
[coderthemes.com/uplon/horizontal/components-sweet-alert.html]
[coderthemes.com/uplon/horizontal/assets/pages/jquery.sweet-alert.init.js]
[coderthemes.com/uplon/horizontal/assets/plugins/raty-fa/jquery.raty-fa.js]
[coderthemes.com/uplon/horizontal/components-ratings.html]
[coderthemes.com/uplon/horizontal/assets/pages/jquery.rating.js]
[coderthemes.com/uplon/horizontal/assets/plugins/jstree/style.css]
[coderthemes.com/uplon/horizontal/assets/plugins/jstree/jstree.min.js]
[coderthemes.com/uplon/horizontal/components-treeview.html]
[coderthemes.com/uplon/horizontal/assets/pages/jquery.tree.js]
[coderthemes.com/uplon/horizontal/assets/plugins/hopscotch/css/hopscotch.min.css]
[coderthemes.com/uplon/horizontal/components-tour.html]
[coderthemes.com/uplon/horizontal/assets/plugins/hopscotch/js/hopscotch.min.js]
[coderthemes.com/uplon/horizontal/assets/images/users/avatar-10.jpg]
[coderthemes.com/uplon/horizontal/widgets-tiles.html]
[coderthemes.com/uplon/horizontal/assets/plugins/chartist/dist/chartist.min.css]
[coderthemes.com/uplon/horizontal/assets/plugins/chartist/dist/chartist.min.js]
[coderthemes.com/uplon/horizontal/assets/plugins/chartist/dist/chartist-plugin-tooltip.min.js]
[coderthemes.com/uplon/horizontal/assets/plugins/jquery-knob/jquery.knob.js]
[coderthemes.com/uplon/horizontal/widgets-charts.html]
[coderthemes.com/uplon/horizontal/icons-materialdesign.html]
[coderthemes.com/uplon/horizontal/icons-ionicons.html]
[coderthemes.com/uplon/horizontal/icons-fontawesome.html]
[coderthemes.com/uplon/horizontal/icons-themify.html]
[coderthemes.com/uplon/horizontal/icons-simple-line.html]
[coderthemes.com/uplon/horizontal/icons-weather.html]
[coderthemes.com/uplon/horizontal/icons-pe7.html]
[coderthemes.com/uplon/horizontal/icons-typicons.html]
[coderthemes.com/uplon/horizontal/form-elements.html]
[coderthemes.com/uplon/horizontal/assets/pages/jquery.chart-widgets.init.js]
[coderthemes.com/uplon/horizontal/assets/plugins/bootstrap-tagsinput/css/bootstrap-tagsinput.css]
[coderthemes.com/uplon/horizontal/assets/plugins/multiselect/css/multi-select.css]
[coderthemes.com/uplon/horizontal/assets/plugins/select2/css/select2.min.css]
[coderthemes.com/uplon/horizontal/assets/plugins/bootstrap-tagsinput/js/bootstrap-tagsinput.js]
[coderthemes.com/uplon/horizontal/assets/plugins/multiselect/js/jquery.multi-select.js]
[coderthemes.com/uplon/horizontal/assets/plugins/jquery-quicksearch/jquery.quicksearch.js]
[coderthemes.com/uplon/horizontal/assets/plugins/select2/js/select2.full.min.js]
[coderthemes.com/uplon/horizontal/assets/plugins/bootstrap-maxlength/bootstrap-maxlength.min.js]
[coderthemes.com/uplon/horizontal/assets/plugins/autocomplete/jquery.mockjax.js]
[coderthemes.com/uplon/horizontal/assets/plugins/autocomplete/jquery.autocomplete.min.js]
[coderthemes.com/uplon/horizontal/assets/plugins/autocomplete/countries.js]
[coderthemes.com/uplon/horizontal/assets/pages/jquery.autocomplete.init.js]
[coderthemes.com/uplon/horizontal/form-advanced.html]
[coderthemes.com/uplon/horizontal/assets/pages/jquery.formadvanced.init.js]
[coderthemes.com/uplon/horizontal/form-validation.html]
[coderthemes.com/uplon/horizontal/assets/plugins/parsleyjs/parsley.min.js]
[coderthemes.com/uplon/horizontal/assets/plugins/timepicker/bootstrap-timepicker.min.css]
[coderthemes.com/uplon/horizontal/assets/plugins/mjolnic-bootstrap-colorpicker/css/bootstrap-colorpicker.min.css]
[coderthemes.com/uplon/horizontal/assets/plugins/bootstrap-datepicker/css/bootstrap-datepicker.min.css]
[coderthemes.com/uplon/horizontal/assets/plugins/clockpicker/bootstrap-clockpicker.min.css]
[coderthemes.com/uplon/horizontal/assets/plugins/bootstrap-daterangepicker/daterangepicker.css]
[coderthemes.com/uplon/horizontal/assets/plugins/moment/moment.js]
[coderthemes.com/uplon/horizontal/assets/plugins/timepicker/bootstrap-timepicker.min.js]
[coderthemes.com/uplon/horizontal/assets/plugins/mjolnic-bootstrap-colorpicker/js/bootstrap-colorpicker.min.js]
[coderthemes.com/uplon/horizontal/assets/plugins/bootstrap-datepicker/js/bootstrap-datepicker.min.js]
[coderthemes.com/uplon/horizontal/assets/plugins/clockpicker/bootstrap-clockpicker.js]
[coderthemes.com/uplon/horizontal/assets/plugins/bootstrap-daterangepicker/daterangepicker.js]
[coderthemes.com/uplon/horizontal/form-pickers.html]
[coderthemes.com/uplon/horizontal/assets/pages/jquery.form-pickers.init.js]
[coderthemes.com/uplon/horizontal/assets/plugins/jquery.steps/demo/css/jquery.steps.css]
[coderthemes.com/uplon/horizontal/assets/plugins/jquery.steps/build/jquery.steps.min.js]
[coderthemes.com/uplon/horizontal/assets/plugins/jquery-validation/dist/jquery.validate.min.js]
[coderthemes.com/uplon/horizontal/form-wizard.html]
[coderthemes.com/uplon/horizontal/assets/pages/jquery.wizard-init.js]
[coderthemes.com/uplon/horizontal/assets/plugins/bootstrap-inputmask/bootstrap-inputmask.min.js]
[coderthemes.com/uplon/horizontal/form-mask.html]
[coderthemes.com/uplon/horizontal/assets/plugins/autoNumeric/autoNumeric.js]
[coderthemes.com/uplon/horizontal/assets/plugins/fileuploads/css/dropify.min.css]
[coderthemes.com/uplon/horizontal/assets/images/gallery/1.jpg]
[coderthemes.com/uplon/horizontal/form-uploads.html]
[coderthemes.com/uplon/horizontal/assets/plugins/fileuploads/js/dropify.min.js]
[coderthemes.com/uplon/horizontal/assets/plugins/x-editable/css/bootstrap-editable.css]
[coderthemes.com/uplon/horizontal/assets/plugins/x-editable/js/bootstrap-editable.min.js]
[coderthemes.com/uplon/horizontal/form-xeditable.html]
[coderthemes.com/uplon/horizontal/tables-basic.html]
[coderthemes.com/uplon/horizontal/assets/pages/jquery.xeditable.js]
[coderthemes.com/uplon/horizontal/assets/plugins/datatables/dataTables.bootstrap4.min.css]
[coderthemes.com/uplon/horizontal/assets/plugins/datatables/buttons.bootstrap4.min.css]
[coderthemes.com/uplon/horizontal/assets/plugins/datatables/responsive.bootstrap4.min.css]
[coderthemes.com/uplon/horizontal/assets/plugins/datatables/select.bootstrap4.min.css]
[coderthemes.com/uplon/horizontal/assets/plugins/datatables/jquery.dataTables.min.js]
[coderthemes.com/uplon/horizontal/assets/plugins/datatables/dataTables.bootstrap4.min.js]
[coderthemes.com/uplon/horizontal/assets/plugins/datatables/dataTables.buttons.min.js]
[coderthemes.com/uplon/horizontal/assets/plugins/datatables/buttons.bootstrap4.min.js]
[coderthemes.com/uplon/horizontal/assets/plugins/datatables/jszip.min.js]
[coderthemes.com/uplon/horizontal/assets/plugins/datatables/pdfmake.min.js]
[coderthemes.com/uplon/horizontal/assets/plugins/datatables/buttons.html5.min.js]
[coderthemes.com/uplon/horizontal/assets/plugins/datatables/vfs_fonts.js]
[coderthemes.com/uplon/horizontal/assets/plugins/datatables/buttons.print.min.js]
[coderthemes.com/uplon/horizontal/assets/plugins/datatables/dataTables.keyTable.min.js]
[coderthemes.com/uplon/horizontal/assets/plugins/datatables/dataTables.responsive.min.js]
[coderthemes.com/uplon/horizontal/assets/plugins/datatables/responsive.bootstrap4.min.js]
[coderthemes.com/uplon/horizontal/tables-datatable.html]
[coderthemes.com/uplon/horizontal/assets/plugins/datatables/dataTables.select.min.js]
[coderthemes.com/uplon/horizontal/assets/plugins/responsive-table/css/rwd-table.min.css]
[coderthemes.com/uplon/horizontal/tables-responsive.html]
[coderthemes.com/uplon/horizontal/assets/plugins/responsive-table/js/rwd-table.min.js]
[coderthemes.com/uplon/horizontal/assets/plugins/tablesaw/dist/tablesaw.css]
[coderthemes.com/uplon/horizontal/assets/plugins/tablesaw/dist/tablesaw.js]
[coderthemes.com/uplon/horizontal/tables-tablesaw.html]
[coderthemes.com/uplon/horizontal/assets/plugins/tablesaw/dist/tablesaw-init.js]
[coderthemes.com/uplon/horizontal/assets/plugins/flot-chart/jquery.flot.js]
[coderthemes.com/uplon/horizontal/assets/plugins/flot-chart/jquery.flot.time.js]
[coderthemes.com/uplon/horizontal/assets/plugins/flot-chart/jquery.flot.tooltip.min.js]
[coderthemes.com/uplon/horizontal/assets/plugins/flot-chart/jquery.flot.resize.js]
[coderthemes.com/uplon/horizontal/assets/plugins/flot-chart/jquery.flot.pie.js]
[coderthemes.com/uplon/horizontal/assets/plugins/flot-chart/jquery.flot.selection.js]
[coderthemes.com/uplon/horizontal/assets/plugins/flot-chart/jquery.flot.stack.js]
[coderthemes.com/uplon/horizontal/assets/plugins/flot-chart/jquery.flot.crosshair.js]
[coderthemes.com/uplon/horizontal/assets/plugins/flot-chart/jquery.flot.axislabels.js]
[coderthemes.com/uplon/horizontal/chart-flot.html]
[coderthemes.com/uplon/horizontal/assets/pages/jquery.flot.init.js]
[coderthemes.com/uplon/horizontal/chart-morris.html]
[coderthemes.com/uplon/horizontal/assets/pages/jquery.morris.init.js]
[coderthemes.com/uplon/horizontal/assets/plugins/chart.js/chart.min.js]
[coderthemes.com/uplon/horizontal/chart-chartjs.html]
[coderthemes.com/uplon/horizontal/assets/pages/chartjs.init.js]
[coderthemes.com/uplon/horizontal/chart-peity.html]
[coderthemes.com/uplon/horizontal/assets/plugins/peity/jquery.peity.min.js]
[coderthemes.com/uplon/horizontal/chart-chartist.html]
[coderthemes.com/uplon/horizontal/assets/pages/jquery.chartist.init.js]
[coderthemes.com/uplon/horizontal/assets/plugins/c3/c3.min.css]
[coderthemes.com/uplon/horizontal/assets/plugins/d3/d3.min.js]
[coderthemes.com/uplon/horizontal/assets/plugins/c3/c3.min.js]
[coderthemes.com/uplon/horizontal/chart-c3.html]
[coderthemes.com/uplon/horizontal/assets/pages/jquery.c3-chart.init.js]
[coderthemes.com/uplon/horizontal/assets/plugins/jquery-sparkline/jquery.sparkline.min.js]
[coderthemes.com/uplon/horizontal/chart-sparkline.html]
[coderthemes.com/uplon/horizontal/chart-knob.html]
[coderthemes.com/uplon/horizontal/assets/pages/jquery.charts-sparkline.js]
[coderthemes.com/uplon/horizontal/assets/plugins/fullcalendar/css/fullcalendar.min.css]
[coderthemes.com/uplon/horizontal/assets/plugins/jquery-ui/jquery-ui.min.js]
[coderthemes.com/uplon/horizontal/assets/plugins/fullcalendar/js/fullcalendar.min.js]
[coderthemes.com/uplon/horizontal/calendar.html]
[coderthemes.com/uplon/horizontal/pages-starter.html]
[coderthemes.com/uplon/horizontal/assets/pages/jquery.fullcalendar.js]
[coderthemes.com/uplon/horizontal/pages-login.html]
[coderthemes.com/uplon/horizontal/pages-register.html]
[coderthemes.com/uplon/horizontal/pages-recoverpw.html]
[coderthemes.com/uplon/horizontal/pages-lock-screen.html]
[coderthemes.com/uplon/horizontal/pages-404.html]
[coderthemes.com/uplon/horizontal/pages-500.html]
[coderthemes.com/uplon/horizontal/pages-timeline.html]
[coderthemes.com/uplon/horizontal/pages-invoice.html]
[coderthemes.com/uplon/horizontal/pages-pricing.html]
[coderthemes.com/uplon/horizontal/assets/js/detect.js]
[coderthemes.com/uplon/horizontal/assets/plugins/magnific-popup/css/magnific-popup.css]
[coderthemes.com/uplon/horizontal/assets/images/gallery/6.jpg]
[coderthemes.com/uplon/horizontal/assets/images/gallery/7.jpg]
[coderthemes.com/uplon/horizontal/assets/images/gallery/8.jpg]
[coderthemes.com/uplon/horizontal/assets/images/gallery/5.jpg]
[coderthemes.com/uplon/horizontal/assets/images/gallery/10.jpg]
[coderthemes.com/uplon/horizontal/assets/plugins/isotope/js/isotope.pkgd.min.js]
[coderthemes.com/uplon/horizontal/pages-gallery.html]
[coderthemes.com/uplon/horizontal/pages-maintenance.html]
[coderthemes.com/uplon/horizontal/assets/plugins/magnific-popup/js/jquery.magnific-popup.min.js]
[coderthemes.com/uplon/horizontal/pages-comingsoon.html]
[coderthemes.com/uplon/horizontal/assets/js/jquery.min.js]
[coderthemes.com/uplon/horizontal/assets/js/bootstrap.bundle.min.js]
[coderthemes.com/uplon/horizontal/assets/js/waves.js]
[coderthemes.com/uplon/horizontal/assets/js/jquery.nicescroll.js]
[coderthemes.com/uplon/horizontal/assets/plugins/switchery/switchery.min.js]
[coderthemes.com/uplon/horizontal/assets/plugins/morris/morris.min.js]
[coderthemes.com/uplon/horizontal/assets/plugins/raphael/raphael-min.js]
[coderthemes.com/uplon/horizontal/assets/plugins/waypoints/lib/jquery.waypoints.min.js]
[coderthemes.com/uplon/horizontal/assets/plugins/counterup/jquery.counterup.min.js]
[coderthemes.com/uplon/horizontal/assets/js/jquery.core.js]
[coderthemes.com/uplon/horizontal/assets/js/jquery.app.js]
[coderthemes.com/uplon/horizontal/assets/pages/jquery.dashboard.js]
[coderthemes.com/uplon/horizontal/assets/plugins/count-down/jquery.lwtCountdown-1.0.js]
[coderthemes.com/uplon/horizontal/assets/fonts/fontawesome-webfont3e6e.svg]
[coderthemes.com/uplon/horizontal/assets/fonts/themify9f24.svg]
[coderthemes.com/uplon/horizontal/assets/fonts/Simple-Line-Icons4c82.svg]
[coderthemes.com/uplon/horizontal/assets/fonts/ioniconsaa26.svg]
[coderthemes.com/uplon/horizontal/assets/fonts/weathericons-regular-webfont.svg]
[coderthemes.com/uplon/horizontal/assets/fonts/typicons.svg]
[coderthemes.com/uplon/horizontal/assets/fonts/Pe-icon-7-strokebb1d.svg]
[coderthemes.com/uplon/horizontal/assets/plugins/custombox/css/custombox.min.css]
[coderthemes.com/uplon/horizontal/assets/plugins/custombox/js/custombox.min.js]
[coderthemes.com/uplon/horizontal/assets/plugins/custombox/js/legacy.min.js]
[coderthemes.com/uplon/horizontal/assets/plugins/toastr/toastr.min.css]
[coderthemes.com/uplon/horizontal/assets/plugins/toastr/toastr.min.js]
[coderthemes.com/uplon/horizontal/assets/plugins/ion-rangeslider/ion.rangeSlider.css]
[coderthemes.com/uplon/horizontal/assets/plugins/ion-rangeslider/sprite-skin-modern.png]
[coderthemes.com/uplon/horizontal/assets/plugins/ion-rangeslider/ion.rangeSlider.skinModern.css]
[coderthemes.com/uplon/horizontal/assets/plugins/ion-rangeslider/ion.rangeSlider.min.js]
[coderthemes.com/uplon/horizontal/assets/pages/jquery.ui-sliders.js]
[coderthemes.com/uplon/horizontal/assets/plugins/bootstrap-sweetalert/sweet-alert.css]
[coderthemes.com/uplon/horizontal/assets/plugins/bootstrap-sweetalert/sweet-alert.min.js]
[coderthemes.com/uplon/horizontal/assets/pages/jquery.sweet-alert.init.js]
[coderthemes.com/uplon/horizontal/assets/plugins/raty-fa/jquery.raty-fa.js]
[coderthemes.com/uplon/horizontal/assets/pages/jquery.rating.js]
[coderthemes.com/uplon/horizontal/assets/plugins/jstree/32px.png]
[coderthemes.com/uplon/horizontal/assets/plugins/jstree/throbber.gif]
[coderthemes.com/uplon/horizontal/assets/plugins/jstree/40px.png]
[coderthemes.com/uplon/horizontal/assets/plugins/jstree/style.css]
[coderthemes.com/uplon/horizontal/assets/plugins/jstree/jstree.min.js]
[coderthemes.com/uplon/horizontal/assets/pages/jquery.tree.js]
[coderthemes.com/uplon/horizontal/assets/plugins/hopscotch/img/sprite-green.png]
[coderthemes.com/uplon/horizontal/assets/plugins/hopscotch/css/hopscotch.min.css]
[coderthemes.com/uplon/horizontal/assets/plugins/hopscotch/js/hopscotch.min.js]
[coderthemes.com/uplon/horizontal/assets/plugins/chartist/dist/chartist.min.css]
[coderthemes.com/uplon/horizontal/assets/plugins/chartist/dist/chartist.min.js]
[coderthemes.com/uplon/horizontal/assets/plugins/chartist/dist/chartist-plugin-tooltip.min.js]
[coderthemes.com/uplon/horizontal/assets/plugins/jquery-knob/jquery.knob.js]
[coderthemes.com/uplon/horizontal/assets/pages/jquery.chart-widgets.init.js]
[coderthemes.com/uplon/horizontal/assets/plugins/bootstrap-tagsinput/css/bootstrap-tagsinput.css]
[coderthemes.com/uplon/horizontal/assets/plugins/multiselect/css/multi-select.css]
[coderthemes.com/uplon/horizontal/assets/plugins/select2/css/select2.min.css]
[coderthemes.com/uplon/horizontal/assets/plugins/bootstrap-tagsinput/js/bootstrap-tagsinput.js]
[coderthemes.com/uplon/horizontal/assets/plugins/multiselect/js/jquery.multi-select.js]
[coderthemes.com/uplon/horizontal/assets/plugins/jquery-quicksearch/jquery.quicksearch.js]
[coderthemes.com/uplon/horizontal/assets/plugins/select2/js/select2.full.min.js]
[coderthemes.com/uplon/horizontal/assets/plugins/bootstrap-maxlength/bootstrap-maxlength.min.js]
[coderthemes.com/uplon/horizontal/assets/plugins/autocomplete/jquery.mockjax.js]
[coderthemes.com/uplon/horizontal/assets/plugins/autocomplete/jquery.autocomplete.min.js]
[coderthemes.com/uplon/horizontal/assets/plugins/autocomplete/countries.js]
[coderthemes.com/uplon/horizontal/assets/pages/jquery.autocomplete.init.js]
[coderthemes.com/uplon/horizontal/assets/pages/jquery.formadvanced.init.js]
[coderthemes.com/uplon/horizontal/assets/plugins/parsleyjs/parsley.min.js]
[coderthemes.com/uplon/horizontal/assets/plugins/timepicker/bootstrap-timepicker.min.css]
[coderthemes.com/uplon/horizontal/index-2.html]
[coderthemes.com/uplon/horizontal/assets/plugins/mjolnic-bootstrap-colorpicker/img/bootstrap-colorpicker/saturation.png]
[coderthemes.com/uplon/horizontal/assets/plugins/mjolnic-bootstrap-colorpicker/img/bootstrap-colorpicker/hue.png]
[coderthemes.com/uplon/horizontal/assets/plugins/mjolnic-bootstrap-colorpicker/img/bootstrap-colorpicker/alpha.png]
[coderthemes.com/uplon/horizontal/assets/plugins/mjolnic-bootstrap-colorpicker/img/bootstrap-colorpicker/hue-horizontal.png]
[coderthemes.com/uplon/horizontal/assets/plugins/mjolnic-bootstrap-colorpicker/img/bootstrap-colorpicker/alpha-horizontal.png]
[coderthemes.com/uplon/horizontal/assets/plugins/mjolnic-bootstrap-colorpicker/css/bootstrap-colorpicker.min.css]
[coderthemes.com/uplon/horizontal/assets/plugins/bootstrap-datepicker/css/bootstrap-datepicker.min.css]
[coderthemes.com/uplon/horizontal/assets/plugins/clockpicker/bootstrap-clockpicker.min.css]
[coderthemes.com/uplon/horizontal/assets/plugins/bootstrap-daterangepicker/daterangepicker.css]
[coderthemes.com/uplon/horizontal/assets/plugins/moment/moment.js]
[coderthemes.com/uplon/horizontal/assets/plugins/timepicker/bootstrap-timepicker.min.js]
[coderthemes.com/uplon/horizontal/assets/plugins/mjolnic-bootstrap-colorpicker/js/bootstrap-colorpicker.min.js]
[coderthemes.com/uplon/horizontal/assets/plugins/bootstrap-datepicker/js/bootstrap-datepicker.min.js]
[coderthemes.com/uplon/horizontal/assets/plugins/clockpicker/bootstrap-clockpicker.js]
[coderthemes.com/uplon/horizontal/assets/plugins/bootstrap-daterangepicker/daterangepicker.js]
[coderthemes.com/uplon/horizontal/assets/pages/jquery.form-pickers.init.js]
[coderthemes.com/uplon/horizontal/assets/plugins/jquery.steps/demo/css/jquery.steps.css]
[coderthemes.com/uplon/horizontal/assets/plugins/jquery.steps/build/jquery.steps.min.js]
[coderthemes.com/uplon/horizontal/assets/plugins/jquery-validation/dist/jquery.validate.min.js]
[coderthemes.com/uplon/horizontal/assets/pages/jquery.wizard-init.js]
[coderthemes.com/uplon/horizontal/assets/plugins/bootstrap-inputmask/bootstrap-inputmask.min.js]
[coderthemes.com/uplon/horizontal/assets/plugins/autoNumeric/autoNumeric.js]
[coderthemes.com/uplon/horizontal/assets/plugins/fileuploads/fonts/dropify.eot]
[coderthemes.com/uplon/horizontal/assets/plugins/fileuploads/fonts/dropify.woff]
[coderthemes.com/uplon/horizontal/assets/plugins/fileuploads/fonts/dropify.ttf]
[coderthemes.com/uplon/horizontal/assets/plugins/fileuploads/css/dropify.min.css]
[coderthemes.com/uplon/horizontal/assets/plugins/fileuploads/js/dropify.min.js]
[coderthemes.com/uplon/horizontal/assets/plugins/fileuploads/fonts/dropify.svg]
[coderthemes.com/uplon/horizontal/assets/plugins/x-editable/img/loading.gif]
[coderthemes.com/uplon/horizontal/assets/plugins/x-editable/img/clear.png]
[coderthemes.com/uplon/horizontal/assets/plugins/x-editable/css/bootstrap-editable.css]
[coderthemes.com/uplon/horizontal/assets/plugins/x-editable/js/bootstrap-editable.min.js]
[coderthemes.com/uplon/horizontal/assets/pages/jquery.xeditable.js]
[coderthemes.com/uplon/horizontal/assets/plugins/datatables/dataTables.bootstrap4.min.css]
[coderthemes.com/uplon/horizontal/assets/plugins/datatables/buttons.bootstrap4.min.css]
[coderthemes.com/uplon/horizontal/assets/plugins/datatables/responsive.bootstrap4.min.css]
[coderthemes.com/uplon/horizontal/assets/plugins/datatables/select.bootstrap4.min.css]
[coderthemes.com/uplon/horizontal/assets/plugins/datatables/jquery.dataTables.min.js]
[coderthemes.com/uplon/horizontal/assets/plugins/datatables/dataTables.bootstrap4.min.js]
[coderthemes.com/uplon/horizontal/assets/plugins/datatables/dataTables.buttons.min.js]
[coderthemes.com/uplon/horizontal/assets/plugins/datatables/buttons.bootstrap4.min.js]
[coderthemes.com/uplon/horizontal/assets/plugins/datatables/jszip.min.js]
[coderthemes.com/uplon/horizontal/assets/plugins/datatables/pdfmake.min.js]
[coderthemes.com/uplon/horizontal/assets/plugins/datatables/vfs_fonts.js]
[coderthemes.com/uplon/horizontal/assets/plugins/datatables/buttons.html5.min.js]
[coderthemes.com/uplon/horizontal/assets/plugins/datatables/buttons.print.min.js]
[coderthemes.com/uplon/horizontal/assets/plugins/datatables/dataTables.keyTable.min.js]
[coderthemes.com/uplon/horizontal/assets/plugins/datatables/dataTables.responsive.min.js]
[coderthemes.com/uplon/horizontal/assets/plugins/datatables/responsive.bootstrap4.min.js]
[coderthemes.com/uplon/horizontal/assets/plugins/datatables/dataTables.select.min.js]
[coderthemes.com/uplon/horizontal/assets/plugins/responsive-table/css/rwd-table.min.css]
[coderthemes.com/uplon/horizontal/assets/plugins/responsive-table/js/rwd-table.min.js]
[coderthemes.com/uplon/horizontal/assets/plugins/tablesaw/dist/tablesaw.css]
[coderthemes.com/uplon/horizontal/assets/plugins/tablesaw/dist/tablesaw.js]
[coderthemes.com/uplon/horizontal/assets/plugins/tablesaw/dist/tablesaw-init.js]
[coderthemes.com/uplon/horizontal/assets/plugins/flot-chart/jquery.flot.js]
[coderthemes.com/uplon/horizontal/assets/plugins/flot-chart/jquery.flot.time.js]
[coderthemes.com/uplon/horizontal/assets/plugins/flot-chart/jquery.flot.tooltip.min.js]
[coderthemes.com/uplon/horizontal/assets/plugins/flot-chart/jquery.flot.resize.js]
[coderthemes.com/uplon/horizontal/assets/plugins/flot-chart/jquery.flot.pie.js]
[coderthemes.com/uplon/horizontal/assets/plugins/flot-chart/jquery.flot.selection.js]
[coderthemes.com/uplon/horizontal/assets/plugins/flot-chart/jquery.flot.stack.js]
[coderthemes.com/uplon/horizontal/assets/plugins/flot-chart/jquery.flot.crosshair.js]
[coderthemes.com/uplon/horizontal/assets/plugins/flot-chart/jquery.flot.axislabels.js]
[coderthemes.com/uplon/horizontal/assets/pages/jquery.flot.init.js]
[coderthemes.com/uplon/horizontal/assets/pages/jquery.morris.init.js]
[coderthemes.com/uplon/horizontal/assets/plugins/chart.js/chart.min.js]
[coderthemes.com/uplon/horizontal/assets/pages/chartjs.init.js]
[coderthemes.com/uplon/horizontal/assets/plugins/peity/jquery.peity.min.js]
[coderthemes.com/uplon/horizontal/assets/pages/jquery.chartist.init.js]
[coderthemes.com/uplon/horizontal/assets/plugins/c3/c3.min.css]
[coderthemes.com/uplon/horizontal/assets/plugins/d3/d3.min.js]
[coderthemes.com/uplon/horizontal/assets/plugins/c3/c3.min.js]
[coderthemes.com/uplon/horizontal/assets/pages/jquery.c3-chart.init.js]
[coderthemes.com/uplon/horizontal/assets/plugins/jquery-sparkline/jquery.sparkline.min.js]
[coderthemes.com/uplon/horizontal/assets/pages/jquery.charts-sparkline.js]
[coderthemes.com/uplon/horizontal/assets/plugins/fullcalendar/css/fullcalendar.min.css]
[coderthemes.com/uplon/horizontal/assets/plugins/jquery-ui/jquery-ui.min.js]
[coderthemes.com/uplon/horizontal/assets/plugins/fullcalendar/js/fullcalendar.min.js]
[coderthemes.com/uplon/horizontal/assets/pages/jquery.fullcalendar.js]
[coderthemes.com/uplon/horizontal/assets/js/detect.js]
[coderthemes.com/uplon/horizontal/assets/plugins/magnific-popup/css/magnific-popup.css]
[coderthemes.com/uplon/horizontal/assets/plugins/isotope/js/isotope.pkgd.min.js]
[coderthemes.com/uplon/horizontal/assets/plugins/magnific-popup/js/jquery.magnific-popup.min.js]
[coderthemes.com/uplon/horizontal/assets/plugins/count-down/jquery.lwtCountdown-1.0.js]
[coderthemes.com/uplon/horizontal/GET.html]
[coderthemes.com/uplon/horizontal/assets/plugins/multiselect/img/switch.html]
[coderthemes.com/uplon/horizontal/index-2.html]
[coderthemes.com/uplon/horizontal/assets/plugins/fileuploads/fonts/dropify.svg]
[coderthemes.com/uplon/horizontal/zlib/deflate.html]
[coderthemes.com/uplon/horizontal/zlib/inflate.html]
[coderthemes.com/uplon/horizontal/xl/worksheets/sheet1.html]
[coderthemes.com/uplon/horizontal/xl/workbook.html]
[coderthemes.com/uplon/horizontal/xl/styles.html]
[coderthemes.com/uplon/horizontal/[Content_Types].html]
[coderthemes.com/uplon/horizontal/buttons.html]
[coderthemes.com/uplon/horizontal/core/core.html]
[coderthemes.com/uplon/horizontal/core/core.plugin.html]
[coderthemes.com/uplon/horizontal/options.time.format is deprecated and replaced by options.time.parser. See http_/nnnick.github.io/Chart.js/docs-v2/index.html]
